{
  "Kind": "SingleResult",
  "Label": null,
  "Path": null,
  "Data": {
    "weatherForecast": [
      {
        "date": "01/01/2023",
        "temperatureC": 48,
        "summary": "Scorching"
      },
      {
        "date": "01/02/2023",
        "temperatureC": 19,
        "summary": "Chilly"
      },
      {
        "date": "01/03/2023",
        "temperatureC": -3,
        "summary": "Sunny"
      },
      {
        "date": "01/04/2023",
        "temperatureC": 48,
        "summary": "Sunny"
      },
      {
        "date": "01/05/2023",
        "temperatureC": 31,
        "summary": "Scorching"
      }
    ]
  },
  "Items": null,
  "Errors": null,
  "Extensions": null,
  "Incremental": null,
  "ContextData": null,
  "HasNext": null
}
